horn LTR: 133 families >= 300 copies
/scratchdata1/users/a1864358/sanders_lab/repeatdensity-atv2rs/workspace/repeat_region_model.py:140: RuntimeWarning: Mean of empty slice
  n_gaps=len(gaps), frac_close=close.mean(), frac_close_bg=close_bg.mean(),
/hpcfs/users/a1864358/miniconda/envs/general/lib/python3.14/site-packages/numpy/_core/_methods.py:142: RuntimeWarning: invalid value encountered in scalar divide
  ret = ret.dtype.type(ret / rcount)
/scratchdata1/users/a1864358/sanders_lab/repeatdensity-atv2rs/workspace/repeat_region_model.py:141: RuntimeWarning: Mean of empty slice
  clustering=close.mean() / close_bg.mean() if close_bg.mean() else np.inf,
/scratchdata1/users/a1864358/sanders_lab/repeatdensity-atv2rs/workspace/repeat_region_model.py:142: RuntimeWarning: Mean of empty slice
  vs_uniform=close.mean() / (1 - np.exp(-lam * max_gap)),
/scratchdata1/users/a1864358/sanders_lab/repeatdensity-atv2rs/workspace/repeat_region_model.py:140: RuntimeWarning: Mean of empty slice
  n_gaps=len(gaps), frac_close=close.mean(), frac_close_bg=close_bg.mean(),
/hpcfs/users/a1864358/miniconda/envs/general/lib/python3.14/site-packages/numpy/_core/_methods.py:142: RuntimeWarning: invalid value encountered in scalar divide
  ret = ret.dtype.type(ret / rcount)
/scratchdata1/users/a1864358/sanders_lab/repeatdensity-atv2rs/workspace/repeat_region_model.py:141: RuntimeWarning: Mean of empty slice
  clustering=close.mean() / close_bg.mean() if close_bg.mean() else np.inf,
/scratchdata1/users/a1864358/sanders_lab/repeatdensity-atv2rs/workspace/repeat_region_model.py:142: RuntimeWarning: Mean of empty slice
  vs_uniform=close.mean() / (1 - np.exp(-lam * max_gap)),
/scratchdata1/users/a1864358/sanders_lab/repeatdensity-atv2rs/workspace/repeat_region_model.py:140: RuntimeWarning: Mean of empty slice
  n_gaps=len(gaps), frac_close=close.mean(), frac_close_bg=close_bg.mean(),
/hpcfs/users/a1864358/miniconda/envs/general/lib/python3.14/site-packages/numpy/_core/_methods.py:142: RuntimeWarning: invalid value encountered in scalar divide
  ret = ret.dtype.type(ret / rcount)
/scratchdata1/users/a1864358/sanders_lab/repeatdensity-atv2rs/workspace/repeat_region_model.py:141: RuntimeWarning: Mean of empty slice
  clustering=close.mean() / close_bg.mean() if close_bg.mean() else np.inf,
/scratchdata1/users/a1864358/sanders_lab/repeatdensity-atv2rs/workspace/repeat_region_model.py:142: RuntimeWarning: Mean of empty slice
  vs_uniform=close.mean() / (1 - np.exp(-lam * max_gap)),
/scratchdata1/users/a1864358/sanders_lab/repeatdensity-atv2rs/workspace/repeat_region_model.py:140: RuntimeWarning: Mean of empty slice
  n_gaps=len(gaps), frac_close=close.mean(), frac_close_bg=close_bg.mean(),
/hpcfs/users/a1864358/miniconda/envs/general/lib/python3.14/site-packages/numpy/_core/_methods.py:142: RuntimeWarning: invalid value encountered in scalar divide
  ret = ret.dtype.type(ret / rcount)
/scratchdata1/users/a1864358/sanders_lab/repeatdensity-atv2rs/workspace/repeat_region_model.py:141: RuntimeWarning: Mean of empty slice
  clustering=close.mean() / close_bg.mean() if close_bg.mean() else np.inf,
/scratchdata1/users/a1864358/sanders_lab/repeatdensity-atv2rs/workspace/repeat_region_model.py:142: RuntimeWarning: Mean of empty slice
  vs_uniform=close.mean() / (1 - np.exp(-lam * max_gap)),
/scratchdata1/users/a1864358/sanders_lab/repeatdensity-atv2rs/workspace/repeat_region_model.py:140: RuntimeWarning: Mean of empty slice
  n_gaps=len(gaps), frac_close=close.mean(), frac_close_bg=close_bg.mean(),
/hpcfs/users/a1864358/miniconda/envs/general/lib/python3.14/site-packages/numpy/_core/_methods.py:142: RuntimeWarning: invalid value encountered in scalar divide
  ret = ret.dtype.type(ret / rcount)
/scratchdata1/users/a1864358/sanders_lab/repeatdensity-atv2rs/workspace/repeat_region_model.py:141: RuntimeWarning: Mean of empty slice
  clustering=close.mean() / close_bg.mean() if close_bg.mean() else np.inf,
/scratchdata1/users/a1864358/sanders_lab/repeatdensity-atv2rs/workspace/repeat_region_model.py:142: RuntimeWarning: Mean of empty slice
  vs_uniform=close.mean() / (1 - np.exp(-lam * max_gap)),
/scratchdata1/users/a1864358/sanders_lab/repeatdensity-atv2rs/workspace/repeat_region_model.py:140: RuntimeWarning: Mean of empty slice
  n_gaps=len(gaps), frac_close=close.mean(), frac_close_bg=close_bg.mean(),
/hpcfs/users/a1864358/miniconda/envs/general/lib/python3.14/site-packages/numpy/_core/_methods.py:142: RuntimeWarning: invalid value encountered in scalar divide
  ret = ret.dtype.type(ret / rcount)
/scratchdata1/users/a1864358/sanders_lab/repeatdensity-atv2rs/workspace/repeat_region_model.py:141: RuntimeWarning: Mean of empty slice
  clustering=close.mean() / close_bg.mean() if close_bg.mean() else np.inf,
/scratchdata1/users/a1864358/sanders_lab/repeatdensity-atv2rs/workspace/repeat_region_model.py:142: RuntimeWarning: Mean of empty slice
  vs_uniform=close.mean() / (1 - np.exp(-lam * max_gap)),
/scratchdata1/users/a1864358/sanders_lab/repeatdensity-atv2rs/workspace/repeat_region_model.py:140: RuntimeWarning: Mean of empty slice
  n_gaps=len(gaps), frac_close=close.mean(), frac_close_bg=close_bg.mean(),
/hpcfs/users/a1864358/miniconda/envs/general/lib/python3.14/site-packages/numpy/_core/_methods.py:142: RuntimeWarning: invalid value encountered in scalar divide
  ret = ret.dtype.type(ret / rcount)
/scratchdata1/users/a1864358/sanders_lab/repeatdensity-atv2rs/workspace/repeat_region_model.py:141: RuntimeWarning: Mean of empty slice
  clustering=close.mean() / close_bg.mean() if close_bg.mean() else np.inf,
/scratchdata1/users/a1864358/sanders_lab/repeatdensity-atv2rs/workspace/repeat_region_model.py:142: RuntimeWarning: Mean of empty slice
  vs_uniform=close.mean() / (1 - np.exp(-lam * max_gap)),
/scratchdata1/users/a1864358/sanders_lab/repeatdensity-atv2rs/workspace/repeat_region_model.py:140: RuntimeWarning: Mean of empty slice
  n_gaps=len(gaps), frac_close=close.mean(), frac_close_bg=close_bg.mean(),
/hpcfs/users/a1864358/miniconda/envs/general/lib/python3.14/site-packages/numpy/_core/_methods.py:142: RuntimeWarning: invalid value encountered in scalar divide
  ret = ret.dtype.type(ret / rcount)
/scratchdata1/users/a1864358/sanders_lab/repeatdensity-atv2rs/workspace/repeat_region_model.py:141: RuntimeWarning: Mean of empty slice
  clustering=close.mean() / close_bg.mean() if close_bg.mean() else np.inf,
/scratchdata1/users/a1864358/sanders_lab/repeatdensity-atv2rs/workspace/repeat_region_model.py:142: RuntimeWarning: Mean of empty slice
  vs_uniform=close.mean() / (1 - np.exp(-lam * max_gap)),
/scratchdata1/users/a1864358/sanders_lab/repeatdensity-atv2rs/workspace/repeat_region_model.py:140: RuntimeWarning: Mean of empty slice
  n_gaps=len(gaps), frac_close=close.mean(), frac_close_bg=close_bg.mean(),
/hpcfs/users/a1864358/miniconda/envs/general/lib/python3.14/site-packages/numpy/_core/_methods.py:142: RuntimeWarning: invalid value encountered in scalar divide
  ret = ret.dtype.type(ret / rcount)
/scratchdata1/users/a1864358/sanders_lab/repeatdensity-atv2rs/workspace/repeat_region_model.py:141: RuntimeWarning: Mean of empty slice
  clustering=close.mean() / close_bg.mean() if close_bg.mean() else np.inf,
/scratchdata1/users/a1864358/sanders_lab/repeatdensity-atv2rs/workspace/repeat_region_model.py:142: RuntimeWarning: Mean of empty slice
  vs_uniform=close.mean() / (1 - np.exp(-lam * max_gap)),
/scratchdata1/users/a1864358/sanders_lab/repeatdensity-atv2rs/workspace/repeat_region_model.py:140: RuntimeWarning: Mean of empty slice
  n_gaps=len(gaps), frac_close=close.mean(), frac_close_bg=close_bg.mean(),
/hpcfs/users/a1864358/miniconda/envs/general/lib/python3.14/site-packages/numpy/_core/_methods.py:142: RuntimeWarning: invalid value encountered in scalar divide
  ret = ret.dtype.type(ret / rcount)
/scratchdata1/users/a1864358/sanders_lab/repeatdensity-atv2rs/workspace/repeat_region_model.py:141: RuntimeWarning: Mean of empty slice
  clustering=close.mean() / close_bg.mean() if close_bg.mean() else np.inf,
/scratchdata1/users/a1864358/sanders_lab/repeatdensity-atv2rs/workspace/repeat_region_model.py:142: RuntimeWarning: Mean of empty slice
  vs_uniform=close.mean() / (1 - np.exp(-lam * max_gap)),
/scratchdata1/users/a1864358/sanders_lab/repeatdensity-atv2rs/workspace/repeat_region_model.py:140: RuntimeWarning: Mean of empty slice
  n_gaps=len(gaps), frac_close=close.mean(), frac_close_bg=close_bg.mean(),
/hpcfs/users/a1864358/miniconda/envs/general/lib/python3.14/site-packages/numpy/_core/_methods.py:142: RuntimeWarning: invalid value encountered in scalar divide
  ret = ret.dtype.type(ret / rcount)
/scratchdata1/users/a1864358/sanders_lab/repeatdensity-atv2rs/workspace/repeat_region_model.py:141: RuntimeWarning: Mean of empty slice
  clustering=close.mean() / close_bg.mean() if close_bg.mean() else np.inf,
/scratchdata1/users/a1864358/sanders_lab/repeatdensity-atv2rs/workspace/repeat_region_model.py:142: RuntimeWarning: Mean of empty slice
  vs_uniform=close.mean() / (1 - np.exp(-lam * max_gap)),
/scratchdata1/users/a1864358/sanders_lab/repeatdensity-atv2rs/workspace/repeat_region_model.py:140: RuntimeWarning: Mean of empty slice
  n_gaps=len(gaps), frac_close=close.mean(), frac_close_bg=close_bg.mean(),
/hpcfs/users/a1864358/miniconda/envs/general/lib/python3.14/site-packages/numpy/_core/_methods.py:142: RuntimeWarning: invalid value encountered in scalar divide
  ret = ret.dtype.type(ret / rcount)
/scratchdata1/users/a1864358/sanders_lab/repeatdensity-atv2rs/workspace/repeat_region_model.py:142: RuntimeWarning: Mean of empty slice
  vs_uniform=close.mean() / (1 - np.exp(-lam * max_gap)),
/scratchdata1/users/a1864358/sanders_lab/repeatdensity-atv2rs/workspace/repeat_region_model.py:140: RuntimeWarning: Mean of empty slice
  n_gaps=len(gaps), frac_close=close.mean(), frac_close_bg=close_bg.mean(),
/hpcfs/users/a1864358/miniconda/envs/general/lib/python3.14/site-packages/numpy/_core/_methods.py:142: RuntimeWarning: invalid value encountered in scalar divide
  ret = ret.dtype.type(ret / rcount)
/scratchdata1/users/a1864358/sanders_lab/repeatdensity-atv2rs/workspace/repeat_region_model.py:141: RuntimeWarning: Mean of empty slice
  clustering=close.mean() / close_bg.mean() if close_bg.mean() else np.inf,
/scratchdata1/users/a1864358/sanders_lab/repeatdensity-atv2rs/workspace/repeat_region_model.py:142: RuntimeWarning: Mean of empty slice
  vs_uniform=close.mean() / (1 - np.exp(-lam * max_gap)),
/scratchdata1/users/a1864358/sanders_lab/repeatdensity-atv2rs/workspace/repeat_region_model.py:140: RuntimeWarning: Mean of empty slice
  n_gaps=len(gaps), frac_close=close.mean(), frac_close_bg=close_bg.mean(),
/hpcfs/users/a1864358/miniconda/envs/general/lib/python3.14/site-packages/numpy/_core/_methods.py:142: RuntimeWarning: invalid value encountered in scalar divide
  ret = ret.dtype.type(ret / rcount)
/scratchdata1/users/a1864358/sanders_lab/repeatdensity-atv2rs/workspace/repeat_region_model.py:141: RuntimeWarning: Mean of empty slice
  clustering=close.mean() / close_bg.mean() if close_bg.mean() else np.inf,
/scratchdata1/users/a1864358/sanders_lab/repeatdensity-atv2rs/workspace/repeat_region_model.py:142: RuntimeWarning: Mean of empty slice
  vs_uniform=close.mean() / (1 - np.exp(-lam * max_gap)),
/scratchdata1/users/a1864358/sanders_lab/repeatdensity-atv2rs/workspace/repeat_region_model.py:140: RuntimeWarning: Mean of empty slice
  n_gaps=len(gaps), frac_close=close.mean(), frac_close_bg=close_bg.mean(),
/hpcfs/users/a1864358/miniconda/envs/general/lib/python3.14/site-packages/numpy/_core/_methods.py:142: RuntimeWarning: invalid value encountered in scalar divide
  ret = ret.dtype.type(ret / rcount)
/scratchdata1/users/a1864358/sanders_lab/repeatdensity-atv2rs/workspace/repeat_region_model.py:142: RuntimeWarning: Mean of empty slice
  vs_uniform=close.mean() / (1 - np.exp(-lam * max_gap)),
/scratchdata1/users/a1864358/sanders_lab/repeatdensity-atv2rs/workspace/repeat_region_model.py:140: RuntimeWarning: Mean of empty slice
  n_gaps=len(gaps), frac_close=close.mean(), frac_close_bg=close_bg.mean(),
/hpcfs/users/a1864358/miniconda/envs/general/lib/python3.14/site-packages/numpy/_core/_methods.py:142: RuntimeWarning: invalid value encountered in scalar divide
  ret = ret.dtype.type(ret / rcount)
/scratchdata1/users/a1864358/sanders_lab/repeatdensity-atv2rs/workspace/repeat_region_model.py:141: RuntimeWarning: Mean of empty slice
  clustering=close.mean() / close_bg.mean() if close_bg.mean() else np.inf,
/scratchdata1/users/a1864358/sanders_lab/repeatdensity-atv2rs/workspace/repeat_region_model.py:142: RuntimeWarning: Mean of empty slice
  vs_uniform=close.mean() / (1 - np.exp(-lam * max_gap)),
horn LINE: 64 families >= 300 copies
/scratchdata1/users/a1864358/sanders_lab/repeatdensity-atv2rs/workspace/repeat_region_model.py:140: RuntimeWarning: Mean of empty slice
  n_gaps=len(gaps), frac_close=close.mean(), frac_close_bg=close_bg.mean(),
/hpcfs/users/a1864358/miniconda/envs/general/lib/python3.14/site-packages/numpy/_core/_methods.py:142: RuntimeWarning: invalid value encountered in scalar divide
  ret = ret.dtype.type(ret / rcount)
/scratchdata1/users/a1864358/sanders_lab/repeatdensity-atv2rs/workspace/repeat_region_model.py:141: RuntimeWarning: Mean of empty slice
  clustering=close.mean() / close_bg.mean() if close_bg.mean() else np.inf,
/scratchdata1/users/a1864358/sanders_lab/repeatdensity-atv2rs/workspace/repeat_region_model.py:142: RuntimeWarning: Mean of empty slice
  vs_uniform=close.mean() / (1 - np.exp(-lam * max_gap)),
/scratchdata1/users/a1864358/sanders_lab/repeatdensity-atv2rs/workspace/repeat_region_model.py:140: RuntimeWarning: Mean of empty slice
  n_gaps=len(gaps), frac_close=close.mean(), frac_close_bg=close_bg.mean(),
/hpcfs/users/a1864358/miniconda/envs/general/lib/python3.14/site-packages/numpy/_core/_methods.py:142: RuntimeWarning: invalid value encountered in scalar divide
  ret = ret.dtype.type(ret / rcount)
/scratchdata1/users/a1864358/sanders_lab/repeatdensity-atv2rs/workspace/repeat_region_model.py:142: RuntimeWarning: Mean of empty slice
  vs_uniform=close.mean() / (1 - np.exp(-lam * max_gap)),
/scratchdata1/users/a1864358/sanders_lab/repeatdensity-atv2rs/workspace/repeat_region_model.py:140: RuntimeWarning: Mean of empty slice
  n_gaps=len(gaps), frac_close=close.mean(), frac_close_bg=close_bg.mean(),
/hpcfs/users/a1864358/miniconda/envs/general/lib/python3.14/site-packages/numpy/_core/_methods.py:142: RuntimeWarning: invalid value encountered in scalar divide
  ret = ret.dtype.type(ret / rcount)
/scratchdata1/users/a1864358/sanders_lab/repeatdensity-atv2rs/workspace/repeat_region_model.py:141: RuntimeWarning: Mean of empty slice
  clustering=close.mean() / close_bg.mean() if close_bg.mean() else np.inf,
/scratchdata1/users/a1864358/sanders_lab/repeatdensity-atv2rs/workspace/repeat_region_model.py:142: RuntimeWarning: Mean of empty slice
  vs_uniform=close.mean() / (1 - np.exp(-lam * max_gap)),
/scratchdata1/users/a1864358/sanders_lab/repeatdensity-atv2rs/workspace/repeat_region_model.py:140: RuntimeWarning: Mean of empty slice
  n_gaps=len(gaps), frac_close=close.mean(), frac_close_bg=close_bg.mean(),
/hpcfs/users/a1864358/miniconda/envs/general/lib/python3.14/site-packages/numpy/_core/_methods.py:142: RuntimeWarning: invalid value encountered in scalar divide
  ret = ret.dtype.type(ret / rcount)
/scratchdata1/users/a1864358/sanders_lab/repeatdensity-atv2rs/workspace/repeat_region_model.py:141: RuntimeWarning: Mean of empty slice
  clustering=close.mean() / close_bg.mean() if close_bg.mean() else np.inf,
/scratchdata1/users/a1864358/sanders_lab/repeatdensity-atv2rs/workspace/repeat_region_model.py:142: RuntimeWarning: Mean of empty slice
  vs_uniform=close.mean() / (1 - np.exp(-lam * max_gap)),
/scratchdata1/users/a1864358/sanders_lab/repeatdensity-atv2rs/workspace/repeat_region_model.py:140: RuntimeWarning: Mean of empty slice
  n_gaps=len(gaps), frac_close=close.mean(), frac_close_bg=close_bg.mean(),
/hpcfs/users/a1864358/miniconda/envs/general/lib/python3.14/site-packages/numpy/_core/_methods.py:142: RuntimeWarning: invalid value encountered in scalar divide
  ret = ret.dtype.type(ret / rcount)
/scratchdata1/users/a1864358/sanders_lab/repeatdensity-atv2rs/workspace/repeat_region_model.py:141: RuntimeWarning: Mean of empty slice
  clustering=close.mean() / close_bg.mean() if close_bg.mean() else np.inf,
/scratchdata1/users/a1864358/sanders_lab/repeatdensity-atv2rs/workspace/repeat_region_model.py:142: RuntimeWarning: Mean of empty slice
  vs_uniform=close.mean() / (1 - np.exp(-lam * max_gap)),
hmaj LTR: 134 families >= 300 copies
/scratchdata1/users/a1864358/sanders_lab/repeatdensity-atv2rs/workspace/repeat_region_model.py:140: RuntimeWarning: Mean of empty slice
  n_gaps=len(gaps), frac_close=close.mean(), frac_close_bg=close_bg.mean(),
/hpcfs/users/a1864358/miniconda/envs/general/lib/python3.14/site-packages/numpy/_core/_methods.py:142: RuntimeWarning: invalid value encountered in scalar divide
  ret = ret.dtype.type(ret / rcount)
/scratchdata1/users/a1864358/sanders_lab/repeatdensity-atv2rs/workspace/repeat_region_model.py:141: RuntimeWarning: Mean of empty slice
  clustering=close.mean() / close_bg.mean() if close_bg.mean() else np.inf,
/scratchdata1/users/a1864358/sanders_lab/repeatdensity-atv2rs/workspace/repeat_region_model.py:142: RuntimeWarning: Mean of empty slice
  vs_uniform=close.mean() / (1 - np.exp(-lam * max_gap)),
/scratchdata1/users/a1864358/sanders_lab/repeatdensity-atv2rs/workspace/repeat_region_model.py:140: RuntimeWarning: Mean of empty slice
  n_gaps=len(gaps), frac_close=close.mean(), frac_close_bg=close_bg.mean(),
/hpcfs/users/a1864358/miniconda/envs/general/lib/python3.14/site-packages/numpy/_core/_methods.py:142: RuntimeWarning: invalid value encountered in scalar divide
  ret = ret.dtype.type(ret / rcount)
/scratchdata1/users/a1864358/sanders_lab/repeatdensity-atv2rs/workspace/repeat_region_model.py:142: RuntimeWarning: Mean of empty slice
  vs_uniform=close.mean() / (1 - np.exp(-lam * max_gap)),
/scratchdata1/users/a1864358/sanders_lab/repeatdensity-atv2rs/workspace/repeat_region_model.py:140: RuntimeWarning: Mean of empty slice
  n_gaps=len(gaps), frac_close=close.mean(), frac_close_bg=close_bg.mean(),
/hpcfs/users/a1864358/miniconda/envs/general/lib/python3.14/site-packages/numpy/_core/_methods.py:142: RuntimeWarning: invalid value encountered in scalar divide
  ret = ret.dtype.type(ret / rcount)
/scratchdata1/users/a1864358/sanders_lab/repeatdensity-atv2rs/workspace/repeat_region_model.py:141: RuntimeWarning: Mean of empty slice
  clustering=close.mean() / close_bg.mean() if close_bg.mean() else np.inf,
/scratchdata1/users/a1864358/sanders_lab/repeatdensity-atv2rs/workspace/repeat_region_model.py:142: RuntimeWarning: Mean of empty slice
  vs_uniform=close.mean() / (1 - np.exp(-lam * max_gap)),
/scratchdata1/users/a1864358/sanders_lab/repeatdensity-atv2rs/workspace/repeat_region_model.py:140: RuntimeWarning: Mean of empty slice
  n_gaps=len(gaps), frac_close=close.mean(), frac_close_bg=close_bg.mean(),
/hpcfs/users/a1864358/miniconda/envs/general/lib/python3.14/site-packages/numpy/_core/_methods.py:142: RuntimeWarning: invalid value encountered in scalar divide
  ret = ret.dtype.type(ret / rcount)
/scratchdata1/users/a1864358/sanders_lab/repeatdensity-atv2rs/workspace/repeat_region_model.py:141: RuntimeWarning: Mean of empty slice
  clustering=close.mean() / close_bg.mean() if close_bg.mean() else np.inf,
/scratchdata1/users/a1864358/sanders_lab/repeatdensity-atv2rs/workspace/repeat_region_model.py:142: RuntimeWarning: Mean of empty slice
  vs_uniform=close.mean() / (1 - np.exp(-lam * max_gap)),
/scratchdata1/users/a1864358/sanders_lab/repeatdensity-atv2rs/workspace/repeat_region_model.py:140: RuntimeWarning: Mean of empty slice
  n_gaps=len(gaps), frac_close=close.mean(), frac_close_bg=close_bg.mean(),
/hpcfs/users/a1864358/miniconda/envs/general/lib/python3.14/site-packages/numpy/_core/_methods.py:142: RuntimeWarning: invalid value encountered in scalar divide
  ret = ret.dtype.type(ret / rcount)
/scratchdata1/users/a1864358/sanders_lab/repeatdensity-atv2rs/workspace/repeat_region_model.py:141: RuntimeWarning: Mean of empty slice
  clustering=close.mean() / close_bg.mean() if close_bg.mean() else np.inf,
/scratchdata1/users/a1864358/sanders_lab/repeatdensity-atv2rs/workspace/repeat_region_model.py:142: RuntimeWarning: Mean of empty slice
  vs_uniform=close.mean() / (1 - np.exp(-lam * max_gap)),
/scratchdata1/users/a1864358/sanders_lab/repeatdensity-atv2rs/workspace/repeat_region_model.py:140: RuntimeWarning: Mean of empty slice
  n_gaps=len(gaps), frac_close=close.mean(), frac_close_bg=close_bg.mean(),
/hpcfs/users/a1864358/miniconda/envs/general/lib/python3.14/site-packages/numpy/_core/_methods.py:142: RuntimeWarning: invalid value encountered in scalar divide
  ret = ret.dtype.type(ret / rcount)
/scratchdata1/users/a1864358/sanders_lab/repeatdensity-atv2rs/workspace/repeat_region_model.py:142: RuntimeWarning: Mean of empty slice
  vs_uniform=close.mean() / (1 - np.exp(-lam * max_gap)),
/scratchdata1/users/a1864358/sanders_lab/repeatdensity-atv2rs/workspace/repeat_region_model.py:140: RuntimeWarning: Mean of empty slice
  n_gaps=len(gaps), frac_close=close.mean(), frac_close_bg=close_bg.mean(),
/hpcfs/users/a1864358/miniconda/envs/general/lib/python3.14/site-packages/numpy/_core/_methods.py:142: RuntimeWarning: invalid value encountered in scalar divide
  ret = ret.dtype.type(ret / rcount)
/scratchdata1/users/a1864358/sanders_lab/repeatdensity-atv2rs/workspace/repeat_region_model.py:141: RuntimeWarning: Mean of empty slice
  clustering=close.mean() / close_bg.mean() if close_bg.mean() else np.inf,
/scratchdata1/users/a1864358/sanders_lab/repeatdensity-atv2rs/workspace/repeat_region_model.py:142: RuntimeWarning: Mean of empty slice
  vs_uniform=close.mean() / (1 - np.exp(-lam * max_gap)),
hmaj LINE: 79 families >= 300 copies
/scratchdata1/users/a1864358/sanders_lab/repeatdensity-atv2rs/workspace/repeat_region_model.py:140: RuntimeWarning: Mean of empty slice
  n_gaps=len(gaps), frac_close=close.mean(), frac_close_bg=close_bg.mean(),
/hpcfs/users/a1864358/miniconda/envs/general/lib/python3.14/site-packages/numpy/_core/_methods.py:142: RuntimeWarning: invalid value encountered in scalar divide
  ret = ret.dtype.type(ret / rcount)
/scratchdata1/users/a1864358/sanders_lab/repeatdensity-atv2rs/workspace/repeat_region_model.py:141: RuntimeWarning: Mean of empty slice
  clustering=close.mean() / close_bg.mean() if close_bg.mean() else np.inf,
/scratchdata1/users/a1864358/sanders_lab/repeatdensity-atv2rs/workspace/repeat_region_model.py:142: RuntimeWarning: Mean of empty slice
  vs_uniform=close.mean() / (1 - np.exp(-lam * max_gap)),
/scratchdata1/users/a1864358/sanders_lab/repeatdensity-atv2rs/workspace/repeat_region_model.py:140: RuntimeWarning: Mean of empty slice
  n_gaps=len(gaps), frac_close=close.mean(), frac_close_bg=close_bg.mean(),
/hpcfs/users/a1864358/miniconda/envs/general/lib/python3.14/site-packages/numpy/_core/_methods.py:142: RuntimeWarning: invalid value encountered in scalar divide
  ret = ret.dtype.type(ret / rcount)
/scratchdata1/users/a1864358/sanders_lab/repeatdensity-atv2rs/workspace/repeat_region_model.py:141: RuntimeWarning: Mean of empty slice
  clustering=close.mean() / close_bg.mean() if close_bg.mean() else np.inf,
/scratchdata1/users/a1864358/sanders_lab/repeatdensity-atv2rs/workspace/repeat_region_model.py:142: RuntimeWarning: Mean of empty slice
  vs_uniform=close.mean() / (1 - np.exp(-lam * max_gap)),
/scratchdata1/users/a1864358/sanders_lab/repeatdensity-atv2rs/workspace/repeat_region_model.py:140: RuntimeWarning: Mean of empty slice
  n_gaps=len(gaps), frac_close=close.mean(), frac_close_bg=close_bg.mean(),
/hpcfs/users/a1864358/miniconda/envs/general/lib/python3.14/site-packages/numpy/_core/_methods.py:142: RuntimeWarning: invalid value encountered in scalar divide
  ret = ret.dtype.type(ret / rcount)
/scratchdata1/users/a1864358/sanders_lab/repeatdensity-atv2rs/workspace/repeat_region_model.py:141: RuntimeWarning: Mean of empty slice
  clustering=close.mean() / close_bg.mean() if close_bg.mean() else np.inf,
/scratchdata1/users/a1864358/sanders_lab/repeatdensity-atv2rs/workspace/repeat_region_model.py:142: RuntimeWarning: Mean of empty slice
  vs_uniform=close.mean() / (1 - np.exp(-lam * max_gap)),
/scratchdata1/users/a1864358/sanders_lab/repeatdensity-atv2rs/workspace/repeat_region_model.py:140: RuntimeWarning: Mean of empty slice
  n_gaps=len(gaps), frac_close=close.mean(), frac_close_bg=close_bg.mean(),
/hpcfs/users/a1864358/miniconda/envs/general/lib/python3.14/site-packages/numpy/_core/_methods.py:142: RuntimeWarning: invalid value encountered in scalar divide
  ret = ret.dtype.type(ret / rcount)
/scratchdata1/users/a1864358/sanders_lab/repeatdensity-atv2rs/workspace/repeat_region_model.py:141: RuntimeWarning: Mean of empty slice
  clustering=close.mean() / close_bg.mean() if close_bg.mean() else np.inf,
/scratchdata1/users/a1864358/sanders_lab/repeatdensity-atv2rs/workspace/repeat_region_model.py:142: RuntimeWarning: Mean of empty slice
  vs_uniform=close.mean() / (1 - np.exp(-lam * max_gap)),
/scratchdata1/users/a1864358/sanders_lab/repeatdensity-atv2rs/workspace/repeat_region_model.py:140: RuntimeWarning: Mean of empty slice
  n_gaps=len(gaps), frac_close=close.mean(), frac_close_bg=close_bg.mean(),
/hpcfs/users/a1864358/miniconda/envs/general/lib/python3.14/site-packages/numpy/_core/_methods.py:142: RuntimeWarning: invalid value encountered in scalar divide
  ret = ret.dtype.type(ret / rcount)
/scratchdata1/users/a1864358/sanders_lab/repeatdensity-atv2rs/workspace/repeat_region_model.py:142: RuntimeWarning: Mean of empty slice
  vs_uniform=close.mean() / (1 - np.exp(-lam * max_gap)),
/scratchdata1/users/a1864358/sanders_lab/repeatdensity-atv2rs/workspace/repeat_region_model.py:140: RuntimeWarning: Mean of empty slice
  n_gaps=len(gaps), frac_close=close.mean(), frac_close_bg=close_bg.mean(),
/hpcfs/users/a1864358/miniconda/envs/general/lib/python3.14/site-packages/numpy/_core/_methods.py:142: RuntimeWarning: invalid value encountered in scalar divide
  ret = ret.dtype.type(ret / rcount)
/scratchdata1/users/a1864358/sanders_lab/repeatdensity-atv2rs/workspace/repeat_region_model.py:141: RuntimeWarning: Mean of empty slice
  clustering=close.mean() / close_bg.mean() if close_bg.mean() else np.inf,
/scratchdata1/users/a1864358/sanders_lab/repeatdensity-atv2rs/workspace/repeat_region_model.py:142: RuntimeWarning: Mean of empty slice
  vs_uniform=close.mean() / (1 - np.exp(-lam * max_gap)),
/scratchdata1/users/a1864358/sanders_lab/repeatdensity-atv2rs/workspace/repeat_region_model.py:140: RuntimeWarning: Mean of empty slice
  n_gaps=len(gaps), frac_close=close.mean(), frac_close_bg=close_bg.mean(),
/hpcfs/users/a1864358/miniconda/envs/general/lib/python3.14/site-packages/numpy/_core/_methods.py:142: RuntimeWarning: invalid value encountered in scalar divide
  ret = ret.dtype.type(ret / rcount)
/scratchdata1/users/a1864358/sanders_lab/repeatdensity-atv2rs/workspace/repeat_region_model.py:141: RuntimeWarning: Mean of empty slice
  clustering=close.mean() / close_bg.mean() if close_bg.mean() else np.inf,
/scratchdata1/users/a1864358/sanders_lab/repeatdensity-atv2rs/workspace/repeat_region_model.py:142: RuntimeWarning: Mean of empty slice
  vs_uniform=close.mean() / (1 - np.exp(-lam * max_gap)),
/scratchdata1/users/a1864358/sanders_lab/repeatdensity-atv2rs/workspace/repeat_region_model.py:140: RuntimeWarning: Mean of empty slice
  n_gaps=len(gaps), frac_close=close.mean(), frac_close_bg=close_bg.mean(),
/hpcfs/users/a1864358/miniconda/envs/general/lib/python3.14/site-packages/numpy/_core/_methods.py:142: RuntimeWarning: invalid value encountered in scalar divide
  ret = ret.dtype.type(ret / rcount)
/scratchdata1/users/a1864358/sanders_lab/repeatdensity-atv2rs/workspace/repeat_region_model.py:141: RuntimeWarning: Mean of empty slice
  clustering=close.mean() / close_bg.mean() if close_bg.mean() else np.inf,
/scratchdata1/users/a1864358/sanders_lab/repeatdensity-atv2rs/workspace/repeat_region_model.py:142: RuntimeWarning: Mean of empty slice
  vs_uniform=close.mean() / (1 - np.exp(-lam * max_gap)),
/scratchdata1/users/a1864358/sanders_lab/repeatdensity-atv2rs/workspace/repeat_region_model.py:140: RuntimeWarning: Mean of empty slice
  n_gaps=len(gaps), frac_close=close.mean(), frac_close_bg=close_bg.mean(),
/hpcfs/users/a1864358/miniconda/envs/general/lib/python3.14/site-packages/numpy/_core/_methods.py:142: RuntimeWarning: invalid value encountered in scalar divide
  ret = ret.dtype.type(ret / rcount)
/scratchdata1/users/a1864358/sanders_lab/repeatdensity-atv2rs/workspace/repeat_region_model.py:142: RuntimeWarning: Mean of empty slice
  vs_uniform=close.mean() / (1 - np.exp(-lam * max_gap)),
/scratchdata1/users/a1864358/sanders_lab/repeatdensity-atv2rs/workspace/repeat_region_model.py:140: RuntimeWarning: Mean of empty slice
  n_gaps=len(gaps), frac_close=close.mean(), frac_close_bg=close_bg.mean(),
/hpcfs/users/a1864358/miniconda/envs/general/lib/python3.14/site-packages/numpy/_core/_methods.py:142: RuntimeWarning: invalid value encountered in scalar divide
  ret = ret.dtype.type(ret / rcount)
/scratchdata1/users/a1864358/sanders_lab/repeatdensity-atv2rs/workspace/repeat_region_model.py:141: RuntimeWarning: Mean of empty slice
  clustering=close.mean() / close_bg.mean() if close_bg.mean() else np.inf,
/scratchdata1/users/a1864358/sanders_lab/repeatdensity-atv2rs/workspace/repeat_region_model.py:142: RuntimeWarning: Mean of empty slice
  vs_uniform=close.mean() / (1 - np.exp(-lam * max_gap)),
hcy LTR: 128 families >= 300 copies
/scratchdata1/users/a1864358/sanders_lab/repeatdensity-atv2rs/workspace/repeat_region_model.py:140: RuntimeWarning: Mean of empty slice
  n_gaps=len(gaps), frac_close=close.mean(), frac_close_bg=close_bg.mean(),
/hpcfs/users/a1864358/miniconda/envs/general/lib/python3.14/site-packages/numpy/_core/_methods.py:142: RuntimeWarning: invalid value encountered in scalar divide
  ret = ret.dtype.type(ret / rcount)
/scratchdata1/users/a1864358/sanders_lab/repeatdensity-atv2rs/workspace/repeat_region_model.py:141: RuntimeWarning: Mean of empty slice
  clustering=close.mean() / close_bg.mean() if close_bg.mean() else np.inf,
/scratchdata1/users/a1864358/sanders_lab/repeatdensity-atv2rs/workspace/repeat_region_model.py:142: RuntimeWarning: Mean of empty slice
  vs_uniform=close.mean() / (1 - np.exp(-lam * max_gap)),
/scratchdata1/users/a1864358/sanders_lab/repeatdensity-atv2rs/workspace/repeat_region_model.py:140: RuntimeWarning: Mean of empty slice
  n_gaps=len(gaps), frac_close=close.mean(), frac_close_bg=close_bg.mean(),
/hpcfs/users/a1864358/miniconda/envs/general/lib/python3.14/site-packages/numpy/_core/_methods.py:142: RuntimeWarning: invalid value encountered in scalar divide
  ret = ret.dtype.type(ret / rcount)
/scratchdata1/users/a1864358/sanders_lab/repeatdensity-atv2rs/workspace/repeat_region_model.py:141: RuntimeWarning: Mean of empty slice
  clustering=close.mean() / close_bg.mean() if close_bg.mean() else np.inf,
/scratchdata1/users/a1864358/sanders_lab/repeatdensity-atv2rs/workspace/repeat_region_model.py:142: RuntimeWarning: Mean of empty slice
  vs_uniform=close.mean() / (1 - np.exp(-lam * max_gap)),
/scratchdata1/users/a1864358/sanders_lab/repeatdensity-atv2rs/workspace/repeat_region_model.py:140: RuntimeWarning: Mean of empty slice
  n_gaps=len(gaps), frac_close=close.mean(), frac_close_bg=close_bg.mean(),
/hpcfs/users/a1864358/miniconda/envs/general/lib/python3.14/site-packages/numpy/_core/_methods.py:142: RuntimeWarning: invalid value encountered in scalar divide
  ret = ret.dtype.type(ret / rcount)
/scratchdata1/users/a1864358/sanders_lab/repeatdensity-atv2rs/workspace/repeat_region_model.py:141: RuntimeWarning: Mean of empty slice
  clustering=close.mean() / close_bg.mean() if close_bg.mean() else np.inf,
/scratchdata1/users/a1864358/sanders_lab/repeatdensity-atv2rs/workspace/repeat_region_model.py:142: RuntimeWarning: Mean of empty slice
  vs_uniform=close.mean() / (1 - np.exp(-lam * max_gap)),
/scratchdata1/users/a1864358/sanders_lab/repeatdensity-atv2rs/workspace/repeat_region_model.py:140: RuntimeWarning: Mean of empty slice
  n_gaps=len(gaps), frac_close=close.mean(), frac_close_bg=close_bg.mean(),
/hpcfs/users/a1864358/miniconda/envs/general/lib/python3.14/site-packages/numpy/_core/_methods.py:142: RuntimeWarning: invalid value encountered in scalar divide
  ret = ret.dtype.type(ret / rcount)
/scratchdata1/users/a1864358/sanders_lab/repeatdensity-atv2rs/workspace/repeat_region_model.py:142: RuntimeWarning: Mean of empty slice
  vs_uniform=close.mean() / (1 - np.exp(-lam * max_gap)),
/scratchdata1/users/a1864358/sanders_lab/repeatdensity-atv2rs/workspace/repeat_region_model.py:140: RuntimeWarning: Mean of empty slice
  n_gaps=len(gaps), frac_close=close.mean(), frac_close_bg=close_bg.mean(),
/hpcfs/users/a1864358/miniconda/envs/general/lib/python3.14/site-packages/numpy/_core/_methods.py:142: RuntimeWarning: invalid value encountered in scalar divide
  ret = ret.dtype.type(ret / rcount)
/scratchdata1/users/a1864358/sanders_lab/repeatdensity-atv2rs/workspace/repeat_region_model.py:141: RuntimeWarning: Mean of empty slice
  clustering=close.mean() / close_bg.mean() if close_bg.mean() else np.inf,
/scratchdata1/users/a1864358/sanders_lab/repeatdensity-atv2rs/workspace/repeat_region_model.py:142: RuntimeWarning: Mean of empty slice
  vs_uniform=close.mean() / (1 - np.exp(-lam * max_gap)),
/scratchdata1/users/a1864358/sanders_lab/repeatdensity-atv2rs/workspace/repeat_region_model.py:140: RuntimeWarning: Mean of empty slice
  n_gaps=len(gaps), frac_close=close.mean(), frac_close_bg=close_bg.mean(),
/hpcfs/users/a1864358/miniconda/envs/general/lib/python3.14/site-packages/numpy/_core/_methods.py:142: RuntimeWarning: invalid value encountered in scalar divide
  ret = ret.dtype.type(ret / rcount)
/scratchdata1/users/a1864358/sanders_lab/repeatdensity-atv2rs/workspace/repeat_region_model.py:141: RuntimeWarning: Mean of empty slice
  clustering=close.mean() / close_bg.mean() if close_bg.mean() else np.inf,
/scratchdata1/users/a1864358/sanders_lab/repeatdensity-atv2rs/workspace/repeat_region_model.py:142: RuntimeWarning: Mean of empty slice
  vs_uniform=close.mean() / (1 - np.exp(-lam * max_gap)),
/scratchdata1/users/a1864358/sanders_lab/repeatdensity-atv2rs/workspace/repeat_region_model.py:140: RuntimeWarning: Mean of empty slice
  n_gaps=len(gaps), frac_close=close.mean(), frac_close_bg=close_bg.mean(),
/hpcfs/users/a1864358/miniconda/envs/general/lib/python3.14/site-packages/numpy/_core/_methods.py:142: RuntimeWarning: invalid value encountered in scalar divide
  ret = ret.dtype.type(ret / rcount)
/scratchdata1/users/a1864358/sanders_lab/repeatdensity-atv2rs/workspace/repeat_region_model.py:142: RuntimeWarning: Mean of empty slice
  vs_uniform=close.mean() / (1 - np.exp(-lam * max_gap)),
hcy LINE: 52 families >= 300 copies
/scratchdata1/users/a1864358/sanders_lab/repeatdensity-atv2rs/workspace/repeat_region_model.py:140: RuntimeWarning: Mean of empty slice
  n_gaps=len(gaps), frac_close=close.mean(), frac_close_bg=close_bg.mean(),
/hpcfs/users/a1864358/miniconda/envs/general/lib/python3.14/site-packages/numpy/_core/_methods.py:142: RuntimeWarning: invalid value encountered in scalar divide
  ret = ret.dtype.type(ret / rcount)
/scratchdata1/users/a1864358/sanders_lab/repeatdensity-atv2rs/workspace/repeat_region_model.py:141: RuntimeWarning: Mean of empty slice
  clustering=close.mean() / close_bg.mean() if close_bg.mean() else np.inf,
/scratchdata1/users/a1864358/sanders_lab/repeatdensity-atv2rs/workspace/repeat_region_model.py:142: RuntimeWarning: Mean of empty slice
  vs_uniform=close.mean() / (1 - np.exp(-lam * max_gap)),
/scratchdata1/users/a1864358/sanders_lab/repeatdensity-atv2rs/workspace/repeat_region_model.py:140: RuntimeWarning: Mean of empty slice
  n_gaps=len(gaps), frac_close=close.mean(), frac_close_bg=close_bg.mean(),
/hpcfs/users/a1864358/miniconda/envs/general/lib/python3.14/site-packages/numpy/_core/_methods.py:142: RuntimeWarning: invalid value encountered in scalar divide
  ret = ret.dtype.type(ret / rcount)
/scratchdata1/users/a1864358/sanders_lab/repeatdensity-atv2rs/workspace/repeat_region_model.py:141: RuntimeWarning: Mean of empty slice
  clustering=close.mean() / close_bg.mean() if close_bg.mean() else np.inf,
/scratchdata1/users/a1864358/sanders_lab/repeatdensity-atv2rs/workspace/repeat_region_model.py:142: RuntimeWarning: Mean of empty slice
  vs_uniform=close.mean() / (1 - np.exp(-lam * max_gap)),
/scratchdata1/users/a1864358/sanders_lab/repeatdensity-atv2rs/workspace/repeat_region_model.py:140: RuntimeWarning: Mean of empty slice
  n_gaps=len(gaps), frac_close=close.mean(), frac_close_bg=close_bg.mean(),
/hpcfs/users/a1864358/miniconda/envs/general/lib/python3.14/site-packages/numpy/_core/_methods.py:142: RuntimeWarning: invalid value encountered in scalar divide
  ret = ret.dtype.type(ret / rcount)
/scratchdata1/users/a1864358/sanders_lab/repeatdensity-atv2rs/workspace/repeat_region_model.py:141: RuntimeWarning: Mean of empty slice
  clustering=close.mean() / close_bg.mean() if close_bg.mean() else np.inf,
/scratchdata1/users/a1864358/sanders_lab/repeatdensity-atv2rs/workspace/repeat_region_model.py:142: RuntimeWarning: Mean of empty slice
  vs_uniform=close.mean() / (1 - np.exp(-lam * max_gap)),
/scratchdata1/users/a1864358/sanders_lab/repeatdensity-atv2rs/workspace/repeat_region_model.py:140: RuntimeWarning: Mean of empty slice
  n_gaps=len(gaps), frac_close=close.mean(), frac_close_bg=close_bg.mean(),
/hpcfs/users/a1864358/miniconda/envs/general/lib/python3.14/site-packages/numpy/_core/_methods.py:142: RuntimeWarning: invalid value encountered in scalar divide
  ret = ret.dtype.type(ret / rcount)
/scratchdata1/users/a1864358/sanders_lab/repeatdensity-atv2rs/workspace/repeat_region_model.py:141: RuntimeWarning: Mean of empty slice
  clustering=close.mean() / close_bg.mean() if close_bg.mean() else np.inf,
/scratchdata1/users/a1864358/sanders_lab/repeatdensity-atv2rs/workspace/repeat_region_model.py:142: RuntimeWarning: Mean of empty slice
  vs_uniform=close.mean() / (1 - np.exp(-lam * max_gap)),
/scratchdata1/users/a1864358/sanders_lab/repeatdensity-atv2rs/workspace/repeat_region_model.py:140: RuntimeWarning: Mean of empty slice
  n_gaps=len(gaps), frac_close=close.mean(), frac_close_bg=close_bg.mean(),
/hpcfs/users/a1864358/miniconda/envs/general/lib/python3.14/site-packages/numpy/_core/_methods.py:142: RuntimeWarning: invalid value encountered in scalar divide
  ret = ret.dtype.type(ret / rcount)
/scratchdata1/users/a1864358/sanders_lab/repeatdensity-atv2rs/workspace/repeat_region_model.py:141: RuntimeWarning: Mean of empty slice
  clustering=close.mean() / close_bg.mean() if close_bg.mean() else np.inf,
/scratchdata1/users/a1864358/sanders_lab/repeatdensity-atv2rs/workspace/repeat_region_model.py:142: RuntimeWarning: Mean of empty slice
  vs_uniform=close.mean() / (1 - np.exp(-lam * max_gap)),
/scratchdata1/users/a1864358/sanders_lab/repeatdensity-atv2rs/workspace/repeat_region_model.py:140: RuntimeWarning: Mean of empty slice
  n_gaps=len(gaps), frac_close=close.mean(), frac_close_bg=close_bg.mean(),
/hpcfs/users/a1864358/miniconda/envs/general/lib/python3.14/site-packages/numpy/_core/_methods.py:142: RuntimeWarning: invalid value encountered in scalar divide
  ret = ret.dtype.type(ret / rcount)
/scratchdata1/users/a1864358/sanders_lab/repeatdensity-atv2rs/workspace/repeat_region_model.py:141: RuntimeWarning: Mean of empty slice
  clustering=close.mean() / close_bg.mean() if close_bg.mean() else np.inf,
/scratchdata1/users/a1864358/sanders_lab/repeatdensity-atv2rs/workspace/repeat_region_model.py:142: RuntimeWarning: Mean of empty slice
  vs_uniform=close.mean() / (1 - np.exp(-lam * max_gap)),
/scratchdata1/users/a1864358/sanders_lab/repeatdensity-atv2rs/workspace/repeat_region_model.py:140: RuntimeWarning: Mean of empty slice
  n_gaps=len(gaps), frac_close=close.mean(), frac_close_bg=close_bg.mean(),
/hpcfs/users/a1864358/miniconda/envs/general/lib/python3.14/site-packages/numpy/_core/_methods.py:142: RuntimeWarning: invalid value encountered in scalar divide
  ret = ret.dtype.type(ret / rcount)
/scratchdata1/users/a1864358/sanders_lab/repeatdensity-atv2rs/workspace/repeat_region_model.py:142: RuntimeWarning: Mean of empty slice
  vs_uniform=close.mean() / (1 - np.exp(-lam * max_gap)),
/scratchdata1/users/a1864358/sanders_lab/repeatdensity-atv2rs/workspace/repeat_region_model.py:140: RuntimeWarning: Mean of empty slice
  n_gaps=len(gaps), frac_close=close.mean(), frac_close_bg=close_bg.mean(),
/hpcfs/users/a1864358/miniconda/envs/general/lib/python3.14/site-packages/numpy/_core/_methods.py:142: RuntimeWarning: invalid value encountered in scalar divide
  ret = ret.dtype.type(ret / rcount)
/scratchdata1/users/a1864358/sanders_lab/repeatdensity-atv2rs/workspace/repeat_region_model.py:141: RuntimeWarning: Mean of empty slice
  clustering=close.mean() / close_bg.mean() if close_bg.mean() else np.inf,
/scratchdata1/users/a1864358/sanders_lab/repeatdensity-atv2rs/workspace/repeat_region_model.py:142: RuntimeWarning: Mean of empty slice
  vs_uniform=close.mean() / (1 - np.exp(-lam * max_gap)),
hcurw LTR: 132 families >= 300 copies
/scratchdata1/users/a1864358/sanders_lab/repeatdensity-atv2rs/workspace/repeat_region_model.py:140: RuntimeWarning: Mean of empty slice
  n_gaps=len(gaps), frac_close=close.mean(), frac_close_bg=close_bg.mean(),
/hpcfs/users/a1864358/miniconda/envs/general/lib/python3.14/site-packages/numpy/_core/_methods.py:142: RuntimeWarning: invalid value encountered in scalar divide
  ret = ret.dtype.type(ret / rcount)
/scratchdata1/users/a1864358/sanders_lab/repeatdensity-atv2rs/workspace/repeat_region_model.py:141: RuntimeWarning: Mean of empty slice
  clustering=close.mean() / close_bg.mean() if close_bg.mean() else np.inf,
/scratchdata1/users/a1864358/sanders_lab/repeatdensity-atv2rs/workspace/repeat_region_model.py:142: RuntimeWarning: Mean of empty slice
  vs_uniform=close.mean() / (1 - np.exp(-lam * max_gap)),
